size search 51
=+==+==+==+==+==+==+==+==+==+==+==+==+= [1/51] [0min:7sec | ETA: 6min:9sec] =+==+==+==+==+==+==+==+==+==+==+==+==+=
pdf/mechanic_analithic/KTRM_Analytic_Mechanics.pdf 1.30 MB saved! [ping: 737.6 ms] 

=+==+==+==+==+==+==+==+==+==+==+==+==+= [2/51] [0min:7sec | ETA: 6min:5sec] =+==+==+==+==+==+==+==+==+==+==+==+==+=
pdf/mechanic_analithic/2974016.pdf 0.00 MB saved! [ping: 15.0 ms] 

=+==+==+==+==+==+==+==+==+==+==+==+==+= [3/51] [0min:13sec | ETA: 7min:34sec] =+==+==+==+==+==+==+==+==+==+==+==+==+=
pdf/mechanic_analithic/?format=pdf&lang=en.pdf 2.39 MB saved! [ping: 594.6 ms] 

=+==+==+==+==+==+==+==+==+==+==+==+==+= [4/51] [0min:50sec | ETA: 15min:25sec] =+==+==+==+==+==+==+==+==+==+==+==+==+=
pdf/mechanic_analithic/White_2011_7ed_Fluid-Mechanics.pdf 27.20 MB saved! [ping: 3678.8 ms] 

=+==+==+==+==+==+==+==+==+==+==+==+==+= [5/51] [0min:52sec | ETA: 20min:8sec] =+==+==+==+==+==+==+==+==+==+==+==+==+=
pdf/mechanic_analithic/1.526072.pdf 0.11 MB saved! [ping: 217.3 ms] 

=+==+==+==+==+==+==+==+==+==+==+==+==+= [6/51] [0min:54sec | ETA: 23min:15sec] =+==+==+==+==+==+==+==+==+==+==+==+==+=
pdf/mechanic_analithic/84178116-Vol-1-Landau-Lifshitz-Mechanics-3Rd-Edition-197P.pdf 3.94 MB saved! [ping: 214.3 ms] 

=+==+==+==+==+==+==+==+==+==+==+==+==+= [7/51] [0min:55sec | ETA: 25min:20sec] =+==+==+==+==+==+==+==+==+==+==+==+==+=
pdf/mechanic_analithic/ejtpv9i26p199.pdf 0.15 MB saved! [ping: 110.6 ms] 

=+==+==+==+==+==+==+==+==+==+==+==+==+= [8/51] [0min:57sec | ETA: 26min:47sec] =+==+==+==+==+==+==+==+==+==+==+==+==+=
pdf/mechanic_analithic/Phys330_syllabus.pdf 0.11 MB saved! [ping: 143.8 ms] 

=+==+==+==+==+==+==+==+==+==+==+==+==+= [9/51] [0min:59sec | ETA: 27min:53sec] =+==+==+==+==+==+==+==+==+==+==+==+==+=
pdf/mechanic_analithic/Analytic-Fluid-Mechanics.pdf 0.20 MB saved! [ping: 224.8 ms] 

=+==+==+==+==+==+==+==+==+==+==+==+==+= [10/51] [3min:50sec | ETA: 40min:15sec] =+==+==+==+==+==+==+==+==+==+==+==+==+=
pdf/mechanic_analithic/Analitical-Mechanics.pdf 38.25 MB saved! [ping: 17083.5 ms] 

=+==+==+==+==+==+==+==+==+==+==+==+==+= [11/51] [3min:55sec | ETA: 49min:58sec] =+==+==+==+==+==+==+==+==+==+==+==+==+=
pdf/mechanic_analithic/6716.pdf 0.02 MB saved! [ping: 498.6 ms] 

=+==+==+==+==+==+==+==+==+==+==+==+==+= [12/51] [4min:0sec | ETA: 57min:39sec] =+==+==+==+==+==+==+==+==+==+==+==+==+=
pdf/mechanic_analithic/icmje-recommendations.pdf 0.19 MB saved! [ping: 458.4 ms] 

=+==+==+==+==+==+==+==+==+==+==+==+==+= [13/51] [4min:3sec | ETA: 63min:43sec] =+==+==+==+==+==+==+==+==+==+==+==+==+=
pdf/mechanic_analithic/viewcontent.cgi?article=1057&context=phys.pdf 0.66 MB saved! [ping: 339.0 ms] 

=+==+==+==+==+==+==+==+==+==+==+==+==+= [14/51] [4min:4sec | ETA: 68min:22sec] =+==+==+==+==+==+==+==+==+==+==+==+==+=
pdf/mechanic_analithic/Assessment-Day-2013-11-22-Rubric-Creation.pdf 0.23 MB saved! [ping: 103.8 ms] 

=+==+==+==+==+==+==+==+==+==+==+==+==+= [15/51] [4min:7sec | ETA: 72min:0sec] =+==+==+==+==+==+==+==+==+==+==+==+==+=
pdf/mechanic_analithic/655415.pdf 0.31 MB saved! [ping: 334.5 ms] 

=+==+==+==+==+==+==+==+==+==+==+==+==+= [16/51] [4min:10sec | ETA: 74min:46sec] =+==+==+==+==+==+==+==+==+==+==+==+==+=
pdf/mechanic_analithic/pdf.pdf 0.85 MB saved! [ping: 276.1 ms] 

=+==+==+==+==+==+==+==+==+==+==+==+==+= [17/51] [4min:14sec | ETA: 76min:49sec] =+==+==+==+==+==+==+==+==+==+==+==+==+=
pdf/mechanic_analithic/1804.10857.pdf 0.58 MB saved! [ping: 358.8 ms] 

=+==+==+==+==+==+==+==+==+==+==+==+==+= [18/51] [4min:21sec | ETA: 78min:24sec] =+==+==+==+==+==+==+==+==+==+==+==+==+=
pdf/mechanic_analithic/ipno-th-96-20.pdf 2.06 MB saved! [ping: 716.2 ms] 

=+==+==+==+==+==+==+==+==+==+==+==+==+= [19/51] [4min:44sec | ETA: 80min:1sec] =+==+==+==+==+==+==+==+==+==+==+==+==+=
pdf/mechanic_analithic/Jean-Francois-Ganghoffer-2.pdf 5.21 MB saved! [ping: 2314.8 ms] 

=+==+==+==+==+==+==+==+==+==+==+==+==+= [20/51] [4min:46sec | ETA: 81min:2sec] =+==+==+==+==+==+==+==+==+==+==+==+==+=
pdf/mechanic_analithic/EJ993284.pdf 0.39 MB saved! [ping: 163.6 ms] 

=+==+==+==+==+==+==+==+==+==+==+==+==+= [21/51] [4min:46sec | ETA: 81min:30sec] =+==+==+==+==+==+==+==+==+==+==+==+==+=
pdf/mechanic_analithic/0020739X.2018.1478134.pdf 0.01 MB saved! [ping: 18.6 ms] 

=+==+==+==+==+==+==+==+==+==+==+==+==+= [22/51] [4min:55sec | ETA: 81min:42sec] =+==+==+==+==+==+==+==+==+==+==+==+==+=
pdf/mechanic_analithic/download?doi=10.1.1.548.7361&rep=rep1&type=pdf.pdf 0.66 MB saved! [ping: 947.4 ms] 

=+==+==+==+==+==+==+==+==+==+==+==+==+= [23/51] [4min:57sec | ETA: 81min:29sec] =+==+==+==+==+==+==+==+==+==+==+==+==+=
pdf/mechanic_analithic/fba76489-8a1a-4e75-952e-291778c17f58.pdf 0.06 MB saved! [ping: 152.5 ms] 

=+==+==+==+==+==+==+==+==+==+==+==+==+= [24/51] [4min:59sec | ETA: 80min:55sec] =+==+==+==+==+==+==+==+==+==+==+==+==+=
pdf/mechanic_analithic/bt-cc-analytic-services-cloudops-mechanical-flyer-en.pdf 2.37 MB saved! [ping: 203.9 ms] 

=+==+==+==+==+==+==+==+==+==+==+==+==+= [25/51] [5min:0sec | ETA: 80min:0sec] =+==+==+==+==+==+==+==+==+==+==+==+==+=
pdf/mechanic_analithic/jappl.1993.74.5.2373.pdf 0.14 MB saved! [ping: 72.0 ms] 

=+==+==+==+==+==+==+==+==+==+==+==+==+= [26/51] [5min:0sec | ETA: 78min:47sec] =+==+==+==+==+==+==+==+==+==+==+==+==+=
pdf/mechanic_analithic/6.1998-4572.pdf 0.01 MB saved! [ping: 31.0 ms] 

=+==+==+==+==+==+==+==+==+==+==+==+==+= [27/51] [5min:0sec | ETA: 77min:17sec] =+==+==+==+==+==+==+==+==+==+==+==+==+=
pdf/mechanic_analithic/088506668800300103.pdf 0.01 MB saved! [ping: 25.3 ms] 

=+==+==+==+==+==+==+==+==+==+==+==+==+= [28/51] [5min:9sec | ETA: 75min:39sec] =+==+==+==+==+==+==+==+==+==+==+==+==+=
pdf/mechanic_analithic/simpozijum_amdg.pdf 1.77 MB saved! [ping: 854.5 ms] 

=+==+==+==+==+==+==+==+==+==+==+==+==+= [29/51] [5min:18sec | ETA: 73min:53sec] =+==+==+==+==+==+==+==+==+==+==+==+==+=
pdf/mechanic_analithic/5483.pdf 5.38 MB saved! [ping: 870.2 ms] 

=+==+==+==+==+==+==+==+==+==+==+==+==+= [30/51] [5min:22sec | ETA: 71min:57sec] =+==+==+==+==+==+==+==+==+==+==+==+==+=
pdf/mechanic_analithic/kunszt.pdf 0.66 MB saved! [ping: 455.0 ms] 

=+==+==+==+==+==+==+==+==+==+==+==+==+= [31/51] [5min:25sec | ETA: 69min:49sec] =+==+==+==+==+==+==+==+==+==+==+==+==+=
pdf/mechanic_analithic/Saldana-2013-TheCodingManualforQualitativeResearchers.pdf 5.89 MB saved! [ping: 324.8 ms] 

=+==+==+==+==+==+==+==+==+==+==+==+==+= [32/51] [5min:28sec | ETA: 67min:30sec] =+==+==+==+==+==+==+==+==+==+==+==+==+=
pdf/mechanic_analithic/01677841.pdf 0.04 MB saved! [ping: 257.4 ms] 

=+==+==+==+==+==+==+==+==+==+==+==+==+= [33/51] [5min:44sec | ETA: 65min:8sec] =+==+==+==+==+==+==+==+==+==+==+==+==+=
pdf/mechanic_analithic/document.pdf 3.55 MB saved! [ping: 1565.3 ms] 

=+==+==+==+==+==+==+==+==+==+==+==+==+= [34/51] [5min:45sec | ETA: 62min:35sec] =+==+==+==+==+==+==+==+==+==+==+==+==+=
pdf/mechanic_analithic/serap-bulut.pdf?sequence=1&isAllowed=y 0.12 MB saved! [ping: 172.4 ms] 

=+==+==+==+==+==+==+==+==+==+==+==+==+= [35/51] [5min:47sec | ETA: 59min:52sec] =+==+==+==+==+==+==+==+==+==+==+==+==+=
pdf/mechanic_analithic/FE_Exam_MathReview.pdf 0.00 MB saved! [ping: 163.6 ms] 

=+==+==+==+==+==+==+==+==+==+==+==+==+= [36/51] [5min:48sec | ETA: 56min:59sec] =+==+==+==+==+==+==+==+==+==+==+==+==+=
pdf/mechanic_analithic/mee-flowchart-20_21.pdf 0.11 MB saved! [ping: 141.2 ms] 

=+==+==+==+==+==+==+==+==+==+==+==+==+= [37/51] [5min:49sec | ETA: 53min:58sec] =+==+==+==+==+==+==+==+==+==+==+==+==+=
pdf/mechanic_analithic/analytic_functions.pdf 0.06 MB saved! [ping: 84.1 ms] 

=+==+==+==+==+==+==+==+==+==+==+==+==+= [38/51] [5min:53sec | ETA: 50min:48sec] =+==+==+==+==+==+==+==+==+==+==+==+==+=
pdf/mechanic_analithic/analytic-high-order-energy-derivatives-for-metal-nanoparticle-mediated-infrared-and-raman-scattering-spectra-within-the-framework-of-quantum-mechanics-molecular-mechanics-model-with-induced-charges-and-dipoles.pdf 2.23 MB saved! [ping: 349.2 ms] 

=+==+==+==+==+==+==+==+==+==+==+==+==+= [39/51] [5min:58sec | ETA: 47min:32sec] =+==+==+==+==+==+==+==+==+==+==+==+==+=
pdf/mechanic_analithic/a2ccfbd8208caf94e0c4f4a43bfa2cbcd0ee.pdf 8.17 MB saved! [ping: 505.2 ms] 

=+==+==+==+==+==+==+==+==+==+==+==+==+= [40/51] [5min:59sec | ETA: 44min:7sec] =+==+==+==+==+==+==+==+==+==+==+==+==+=
pdf/mechanic_analithic/060601.pdf 0.27 MB saved! [ping: 74.3 ms] 

=+==+==+==+==+==+==+==+==+==+==+==+==+= [41/51] [6min:4sec | ETA: 40min:37sec] =+==+==+==+==+==+==+==+==+==+==+==+==+=
pdf/mechanic_analithic/jcp_109_7745_1998.pdf 0.23 MB saved! [ping: 497.6 ms] 

=+==+==+==+==+==+==+==+==+==+==+==+==+= [42/51] [6min:6sec | ETA: 36min:59sec] =+==+==+==+==+==+==+==+==+==+==+==+==+=
pdf/mechanic_analithic/018_Rice_MathAnalMechFract_68.pdf 3.54 MB saved! [ping: 202.1 ms] 

=+==+==+==+==+==+==+==+==+==+==+==+==+= [43/51] [6min:8sec | ETA: 33min:15sec] =+==+==+==+==+==+==+==+==+==+==+==+==+=
pdf/mechanic_analithic/AMR.738.186.pdf 0.05 MB saved! [ping: 215.8 ms] 

=+==+==+==+==+==+==+==+==+==+==+==+==+= [44/51] [6min:9sec | ETA: 29min:25sec] =+==+==+==+==+==+==+==+==+==+==+==+==+=
pdf/mechanic_analithic/236623756.pdf 0.12 MB saved! [ping: 172.4 ms] 

=+==+==+==+==+==+==+==+==+==+==+==+==+= [45/51] [6min:15sec | ETA: 25min:29sec] =+==+==+==+==+==+==+==+==+==+==+==+==+=
pdf/mechanic_analithic/1-MURAT%20YILMAZ%20THE%20SELECTION%20OF%20AN%20ENTRY%20v5.pdf 0.45 MB saved! [ping: 516.5 ms] 

=+==+==+==+==+==+==+==+==+==+==+==+==+= [46/51] [6min:16sec | ETA: 21min:27sec] =+==+==+==+==+==+==+==+==+==+==+==+==+=
pdf/mechanic_analithic/AUTFM-59-151-En.pdf 0.13 MB saved! [ping: 156.4 ms] 

=+==+==+==+==+==+==+==+==+==+==+==+==+= [47/51] [6min:24sec | ETA: 17min:21sec] =+==+==+==+==+==+==+==+==+==+==+==+==+=
pdf/mechanic_analithic/paper_00222488_v51_n3_p_Urrutia.pdf 0.65 MB saved! [ping: 802.5 ms] 

=+==+==+==+==+==+==+==+==+==+==+==+==+= [48/51] [6min:55sec | ETA: 13min:10sec] =+==+==+==+==+==+==+==+==+==+==+==+==+=
pdf/mechanic_analithic/StructuralMechanicsModuleUsersGuide.pdf 4.09 MB saved! [ping: 3063.3 ms] 

=+==+==+==+==+==+==+==+==+==+==+==+==+= [49/51] [7min:16sec | ETA: 8min:54sec] =+==+==+==+==+==+==+==+==+==+==+==+==+=
pdf/mechanic_analithic/Mechanical-2.pdf 5.74 MB saved! [ping: 2083.9 ms] 

=+==+==+==+==+==+==+==+==+==+==+==+==+= [50/51] [7m:17 s | ETA: 4m:30 s] =+==+==+==+==+==+==+==+==+==+==+==+==+=
error in link http://www.to.infn.it/~zaninett/projects/storia/levi-civita.pdf error: <class 'requests.exceptions.SSLError'> 

=+==+==+==+==+==+==+==+==+==+==+==+==+= [51/51] [7min:22sec | ETA: 0min:0sec] =+==+==+==+==+==+==+==+==+==+==+==+==+=
pdf/mechanic_analithic/12_cofo.pdf 0.88 MB saved! [ping: 553.0 ms] 

None
